Signaux/cinq_alban_2012.wav
Signaux/cinq_brice_2012.wav
Signaux/cinq_dominique_2012.wav
Signaux/cinq_eric_2012.wav
Signaux/cinq_etienne_2012.wav
Signaux/cinq_gabrielides_2012.wav
Signaux/cinq_hyliass_2012.wav
Signaux/cinq_jean_2012.wav
Signaux/cinq_nabil_2012.wav
Signaux/cinq_thomas_2012.wav
Signaux/deux_alban_2012.wav
Signaux/deux_brice_2012.wav
Signaux/deux_dominique_2012.wav
Signaux/deux_eric_2012.wav
Signaux/deux_etienne_2012.wav
Signaux/deux_gabrielides_2012.wav
Signaux/deux_hyliass_2012.wav
Signaux/deux_jean_2012.wav
Signaux/deux_nabil_2012.wav
Signaux/deux_thomas_2012.wav
Signaux/huit_alban_2012.wav
Signaux/huit_brice_2012.wav
Signaux/huit_dominique_2012.wav
Signaux/huit_eric_2012.wav
Signaux/huit_etienne_2012.wav
Signaux/huit_gabrielides_2012.wav
Signaux/huit_hyliass_2012.wav
Signaux/huit_jean_2012.wav
Signaux/huit_nabil_2012.wav
Signaux/huit_thomas_2012.wav
Signaux/moins_alban_2012.wav
Signaux/moins_brice_2012.wav
Signaux/moins_dominique_2012.wav
Signaux/moins_eric_2012.wav
Signaux/moins_etienne_2012.wav
Signaux/moins_gabrielides_2012.wav
Signaux/moins_hyliass_2012.wav
Signaux/moins_jean_2012.wav
Signaux/moins_nabil_2012.wav
Signaux/moins_thomas_2012.wav
Signaux/neuf_alban_2012.wav
Signaux/neuf_brice_2012.wav
Signaux/neuf_dominique_2012.wav
Signaux/neuf_eric_2012.wav
Signaux/neuf_etienne_2012.wav
Signaux/neuf_gabrielides_2012.wav
Signaux/neuf_hyliass_2012.wav
Signaux/neuf_jean_2012.wav
Signaux/neuf_nabil_2012.wav
Signaux/neuf_thomas_2012.wav
Signaux/plus_alban_2012.wav
Signaux/plus_brice_2012.wav
Signaux/plus_dominique_2012.wav
Signaux/plus_eric_2012.wav
Signaux/plus_etienne_2012.wav
Signaux/plus_gabrielides_2012.wav
Signaux/plus_hyliass_2012.wav
Signaux/plus_jean_2012.wav
Signaux/plus_nabil_2012.wav
Signaux/plus_thomas_2012.wav
Signaux/quatre_alban_2012.wav
Signaux/quatre_brice_2012.wav
Signaux/quatre_dominique_2012.wav
Signaux/quatre_eric_2012.wav
Signaux/quatre_etienne_2012.wav
Signaux/quatre_gabrielides_2012.wav
Signaux/quatre_hyliass_2012.wav
Signaux/quatre_jean_2012.wav
Signaux/quatre_nabil_2012.wav
Signaux/quatre_thomas_2012.wav
Signaux/sept_alban_2012.wav
Signaux/sept_brice_2012.wav
Signaux/sept_dominique_2012.wav
Signaux/sept_eric_2012.wav
Signaux/sept_etienne_2012.wav
Signaux/sept_gabrielides_2012.wav
Signaux/sept_hyliass_2012.wav
Signaux/sept_jean_2012.wav
Signaux/sept_nabil_2012.wav
Signaux/sept_thomas_2012.wav
Signaux/six_alban_2012.wav
Signaux/six_brice_2012.wav
Signaux/six_dominique_2012.wav
Signaux/six_eric_2012.wav
Signaux/six_etienne_2012.wav
Signaux/six_gabrielides_2012.wav
Signaux/six_hyliass_2012.wav
Signaux/six_jean_2012.wav
Signaux/six_nabil_2012.wav
Signaux/six_thomas_2012.wav
Signaux/trois_alban_2012.wav
Signaux/trois_brice_2012.wav
Signaux/trois_dominique_2012.wav
Signaux/trois_eric_2012.wav
Signaux/trois_etienne_2012.wav
Signaux/trois_gabrielides_2012.wav
Signaux/trois_hyliass_2012.wav
Signaux/trois_jean_2012.wav
Signaux/trois_nabil_2012.wav
Signaux/trois_thomas_2012.wav
Signaux/un_alban_2012.wav
Signaux/un_brice_2012.wav
Signaux/un_dominique_2012.wav
Signaux/un_eric_2012.wav
Signaux/un_etienne_2012.wav
Signaux/un_gabrielides_2012.wav
Signaux/un_hyliass_2012.wav
Signaux/un_jean_2012.wav
Signaux/un_nabil_2012.wav
Signaux/un_thomas_2012.wav
Signaux/zero_alban_2012.wav
Signaux/zero_brice_2012.wav
Signaux/zero_dominique_2012.wav
Signaux/zero_eric_2012.wav
Signaux/zero_etienne_2012.wav
Signaux/zero_gabrielides_2012.wav
Signaux/zero_hyliass_2012.wav
Signaux/zero_jean_2012.wav
Signaux/zero_nabil_2012.wav
Signaux/zero_thomas_2012.wav
